
TcStaticValuesFail02.hs:9:13:
    Illegal polymorphic or qualified type: forall a. a -> a
    In the body of a static form:
      (undefined :: (forall a. a -> a) -> b)
    In the expression: static (undefined :: (forall a. a -> a) -> b)
    In an equation for ‘f1’:
       f1 = static (undefined :: (forall a. a -> a) -> b)

TcStaticValuesFail02.hs:12:13:
    Illegal polymorphic or qualified type: Monad m => a -> m a
    In the body of a static form: return
    In the expression: static return
    In an equation for ‘f2’: f2 = static return
