True
Warning: changing directory causes all loaded modules to be unloaded,
because the search path has changed.
[dde4cd622edf824f52f860d40fa20b43]
