 D Main_g_closure
 D Main_stableZZC0ZZCmainZZCMainZZCstatic_closure
 D Main_stableZZC1ZZCmainZZCMainZZCstatic_closure
