StaticName "main" "Main" "sptEntry:1"
StaticName "main" "Main" "sptEntry:2"
StaticName "main" "Main" "sptEntry:0"
StaticName "main" "Main" "sptEntry:3"
StaticName "main" "Main" "sptEntry:4"
